# serializer version: 1
# name: test_diagnostics
  dict({
    'entry': dict({
      'password': '**REDACTED**',
      'username': '**REDACTED**',
    }),
    'frames': list([
      dict({
        'categories': list([
          dict({
            'attributes': dict({
              'color': '#00526D',
              'id': 77,
              'label': '**REDACTED**',
              'linked_to_profile': True,
            }),
            'id': '77',
            'relationships': dict({
              'family_member': dict({
                'data': dict({
                  'id': '7',
                  'type': 'family_member',
                }),
              }),
            }),
            'type': 'category',
          }),
          dict({
            'attributes': dict({
              'color': '#00526D',
              'id': 78,
              'label': '**REDACTED**',
              'linked_to_profile': True,
            }),
            'id': '78',
            'relationships': dict({
              'family_member': dict({
                'data': dict({
                  'id': '7',
                  'type': 'family_member',
                }),
              }),
            }),
            'type': 'category',
          }),
          dict({
            'attributes': dict({
              'color': '#00526D',
              'id': 79,
              'label': '**REDACTED**',
              'linked_to_profile': False,
            }),
            'id': '79',
            'relationships': dict({
              'family_member': dict({
                'data': None,
              }),
            }),
            'type': 'category',
          }),
        ]),
        'chores': list([
          dict({
            'attributes': dict({
              'completed_on': None,
              'group': '1',
              'id': '1-2026-08-07',
              'recurrence_set': list([
              ]),
              'recurring': False,
              'series': '1',
              'start': '2026-08-07',
              'status': 'pending',
              'summary': '**REDACTED**',
            }),
            'id': '1-2026-08-07',
            'relationships': dict({
              'category': dict({
                'data': dict({
                  'id': '77',
                  'type': 'category',
                }),
              }),
            }),
            'type': 'chore',
          }),
          dict({
            'attributes': dict({
              'completed_on': None,
              'group': '2',
              'id': '2-2026-08-07',
              'recurrence_set': list([
              ]),
              'recurring': False,
              'series': '2',
              'start': '2026-08-07',
              'status': 'pending',
              'summary': '**REDACTED**',
            }),
            'id': '2-2026-08-07',
            'relationships': dict({
              'category': dict({
                'data': dict({
                  'id': '77',
                  'type': 'category',
                }),
              }),
            }),
            'type': 'chore',
          }),
          dict({
            'attributes': dict({
              'completed_on': '2026-08-07',
              'group': '3',
              'id': '3-2026-08-07',
              'recurrence_set': list([
              ]),
              'recurring': False,
              'series': '3',
              'start': '2026-08-07',
              'status': 'pending',
              'summary': '**REDACTED**',
            }),
            'id': '3-2026-08-07',
            'relationships': dict({
              'category': dict({
                'data': dict({
                  'id': '77',
                  'type': 'category',
                }),
              }),
            }),
            'type': 'chore',
          }),
          dict({
            'attributes': dict({
              'completed_on': None,
              'group': '4',
              'id': '4-2026-08-07',
              'recurrence_set': list([
              ]),
              'recurring': False,
              'series': '4',
              'start': '2026-08-07',
              'status': 'pending',
              'summary': '**REDACTED**',
            }),
            'id': '4-2026-08-07',
            'relationships': dict({
              'category': dict({
                'data': dict({
                  'id': '78',
                  'type': 'category',
                }),
              }),
            }),
            'type': 'chore',
          }),
        ]),
        'frame': dict({
          'attributes': dict({
            'hardware_model': '15-CAL-2.0',
            'household_name': '**REDACTED**',
            'name': 'Kitchen',
            'timezone': 'America/New_York',
          }),
          'id': '5455113',
          'type': 'frame',
        }),
        'lists': list([
          dict({
            'attributes': dict({
              'color': '#00526D',
              'default_grocery_list': True,
              'kind': 'shopping',
              'label': '**REDACTED**',
            }),
            'id': '7248050',
            'items': list([
              dict({
                'attributes': dict({
                  'created_at': '2026-08-07T09:00:00Z',
                  'label': '**REDACTED**',
                  'status': 'pending',
                }),
                'id': '101',
                'type': 'list_item',
              }),
              dict({
                'attributes': dict({
                  'created_at': '2026-08-07T09:00:00Z',
                  'label': '**REDACTED**',
                  'status': 'completed',
                }),
                'id': '102',
                'type': 'list_item',
              }),
              dict({
                'attributes': dict({
                  'created_at': '2026-08-07T09:00:00Z',
                  'label': '**REDACTED**',
                  'status': 'pending',
                }),
                'id': '103',
                'type': 'list_item',
              }),
            ]),
            'relationships': dict({
              'list_items': dict({
                'data': list([
                  dict({
                    'id': '101',
                    'type': 'list_item',
                  }),
                  dict({
                    'id': '102',
                    'type': 'list_item',
                  }),
                  dict({
                    'id': '103',
                    'type': 'list_item',
                  }),
                ]),
              }),
            }),
            'type': 'list',
          }),
          dict({
            'attributes': dict({
              'color': '#00526D',
              'default_grocery_list': False,
              'kind': 'to_do',
              'label': '**REDACTED**',
            }),
            'id': '7248051',
            'items': list([
            ]),
            'relationships': dict({
              'list_items': dict({
                'data': list([
                ]),
              }),
            }),
            'type': 'list',
          }),
        ]),
        'reward_points': list([
          dict({
            'category_id': 77,
            'current_point_balance': 12,
            'lifetime_points_earned': 30,
          }),
        ]),
      }),
    ]),
  })
# ---
